// Vitest Snapshot v1, https://vitest.dev/guide/snapshot.html

exports[`Uses pwned API successfuly > Returns 0 in a non-exposed password 1`] = `0`;

exports[`Uses pwned API successfuly > Successfuly identifies exposed password 1`] = `9870`;
